Driver clase Aula

1- Aula(String, Integer, ArrayList<TipoClase>)
A5001
60
[Teoria]
HA FUNCIONADO CORRECTAMENTE



2- getId()
A5001
HA FUNCIONADO CORRECTAMENTE



3- getPlazas()
60
HA FUNCIONADO CORRECTAMENTE



4- getTipos()
[Teoria]
HA FUNCIONADO CORRECTAMENTE



5- tieneTeoria()
Tiene Teoria
HA FUNCIONADO CORRECTAMENTE



6- tieneLaboratorio()
NO tiene Laboratorio
HA FUNCIONADO CORRECTAMENTE



7- tieneProblemas()
NO tiene Problemas
HA FUNCIONADO CORRECTAMENTE



8- setId(String)
FFFFF
HA FUNCIONADO CORRECTAMENTE



2- getId()
FFFFF
HA FUNCIONADO CORRECTAMENTE



9- setPlazas(Integer)
30
HA FUNCIONADO CORRECTAMENTE



3- getPlazas()
30
HA FUNCIONADO CORRECTAMENTE



10- setTipos(ArrayList<TipoClase>)
[Teoria, Laboratorio, Problemas]
HA FUNCIONADO CORRECTAMENTE



4- getTipos()
[Teoria, Laboratorio, Problemas]
HA FUNCIONADO CORRECTAMENTE



Saliendo...