Driver clase FranjaNivel

1- FranjaNivel(Nivel, Integer, Integer)
HA FUNCIONADO CORRECTAMENTE



2- getNivel()
Nivel: N1
-Asignaturas:
-Restricciones:
HA FUNCIONADO CORRECTAMENTE



3- getHoraIni()
10
HA FUNCIONADO CORRECTAMENTE



4- getHoraFin()
20
HA FUNCIONADO CORRECTAMENTE



5- getTipoRestriccion()
FranjaNivel
HA FUNCIONADO CORRECTAMENTE



6- comprobarRestriccion()
HA FUNCIONADO CORRECTAMENTE



7- setNivel(Nivel)
HA FUNCIONADO CORRECTAMENTE



2- getNivel()
Nivel: N2
-Asignaturas:
-Restricciones:
HA FUNCIONADO CORRECTAMENTE



8- setHoraIni(Integer)
HA FUNCIONADO CORRECTAMENTE



3- getHoraIni()
1
HA FUNCIONADO CORRECTAMENTE



9- setHoraFin(Integer)
HA FUNCIONADO CORRECTAMENTE



4- getHoraFin()
2
HA FUNCIONADO CORRECTAMENTE



Saliendo...
