Driver clase FranjaAsignatura

1- FranjaAsignatura(Asignatura, Integer, Integer)
HA FUNCIONADO CORRECTAMENTE



2- getAsignatura()
*** NullPointerException ***



3- getHoraIni()
10
HA FUNCIONADO CORRECTAMENTE



4- getHoraFin()
20
HA FUNCIONADO CORRECTAMENTE



5- getTipoRestriccion()
FranjaAsignatura
HA FUNCIONADO CORRECTAMENTE



6- comprobarRestriccion()
HA FUNCIONADO CORRECTAMENTE



7- setAsignatura(Asignatura)
HA FUNCIONADO CORRECTAMENTE



2- getAsignatura()
*** NullPointerException ***



8- setHoraIni(Integer)
HA FUNCIONADO CORRECTAMENTE



3- getHoraIni()
1
HA FUNCIONADO CORRECTAMENTE



9- setHoraFin(Integer)
HA FUNCIONADO CORRECTAMENTE



4- getHoraFin()
2
HA FUNCIONADO CORRECTAMENTE



Saliendo...
