Driver clase Horario

1- Horario(String)
HA FUNCIONADO CORRECTAMENTE



4- getId()
HORARIO
HA FUNCIONADO CORRECTAMENTE



2- Horario(String, Ocupaciones)
Introduciendo Ocupaciones vacías por defecto...
HA FUNCIONADO CORRECTAMENTE



4- getId()
HORARIO2
HA FUNCIONADO CORRECTAMENTE



3- Horario(Horario)
Horario: HORARIO2
----------------------------------------------------------------
Horario: HORARIO2
----------------------------------------------------------------
HA FUNCIONADO CORRECTAMENTE



5- getOcupaciones()
----------------------------------------------------------------
HA FUNCIONADO CORRECTAMENTE



6- getDia(int)
domain.Dia@5a07e868
HA FUNCIONADO CORRECTAMENTE



6- getDia(int)
domain.Dia@5a07e868
HA FUNCIONADO CORRECTAMENTE



6- getDia(int)
domain.Dia@5a07e868
HA FUNCIONADO CORRECTAMENTE



6- getDia(int)
domain.Dia@5a07e868
HA FUNCIONADO CORRECTAMENTE



6- getDia(int)
domain.Dia@5a07e868
HA FUNCIONADO CORRECTAMENTE



7- getHora(int, int)
domain.Hora@76ed5528
HA FUNCIONADO CORRECTAMENTE



1- Horario(String)
HA FUNCIONADO CORRECTAMENTE



9- setOcupaciones(Ocupaciones)
Unas nuevas Ocupaciones vacías serán asignadas al Horario
HA FUNCIONADO CORRECTAMENTE



5- getOcupaciones()
----------------------------------------------------------------
HA FUNCIONADO CORRECTAMENTE



Saliendo...
