Driver clase NivelHora

1- NivelHora(Nivel)
HA FUNCIONADO CORRECTAMENTE



2- getNivel()
Nivel: N1
-Asignaturas:
-Restricciones:
HA FUNCIONADO CORRECTAMENTE



3- getTipoRestriccion()
NivelHora
HA FUNCIONADO CORRECTAMENTE



4- comprobarRestriccion()
HA FUNCIONADO CORRECTAMENTE



5- setNivel(Nivel)
HA FUNCIONADO CORRECTAMENTE



2- getNivel()
Nivel: N2
-Asignaturas:
-Restricciones:
HA FUNCIONADO CORRECTAMENTE



Saliendo...