Driver clase PlanEstudios

1- PlanEstudios(String)
HA FUNCIONADO CORRECTAMENTE
(AVISO: Plan de Estudios vac√≠o)



3- getNombre()
PlanEstudios
HA FUNCIONADO CORRECTAMENTE



15- setNombre(String)
HA FUNCIONADO CORRECTAMENTE



3- getNombre()
PE
HA FUNCIONADO CORRECTAMENTE



2- getAllClases()
[]
HA FUNCIONADO CORRECTAMENTE



16- addNivel(Nivel)
HA FUNCIONADO CORRECTAMENTE



17- addAsignatura(Asignatura)
HA FUNCIONADO CORRECTAMENTE



18- eliminarAsignatura(String)
HA FUNCIONADO CORRECTAMENTE



6- getAsignaturas()
{}
HA FUNCIONADO CORRECTAMENTE



17- addAsignatura(Asignatura)
HA FUNCIONADO CORRECTAMENTE



6- getAsignaturas()
{as2=Asignatura: as2
-Nombre: AS2
-Grupos:
-Restricciones:}
HA FUNCIONADO CORRECTAMENTE



7- getAsignatura(String)
Asignatura: as2
-Nombre: AS2
-Grupos:
-Restricciones:
HA FUNCIONADO CORRECTAMENTE



19- addAula(Aula)
HA FUNCIONADO CORRECTAMENTE



8- getAulas()
{au1=Aula: au1
-Plazas: 80
-Tipos:}
HA FUNCIONADO CORRECTAMENTE



9- getAulasTeoria(int)
HA FUNCIONADO CORRECTAMENTE



10- getAulasLaboratorio(int)
HA FUNCIONADO CORRECTAMENTE



11- getAulasProblemas(int)
HA FUNCIONADO CORRECTAMENTE



8- getAulas()
{au1=Aula: au1
-Plazas: 80
-Tipos:}
HA FUNCIONADO CORRECTAMENTE



12- getAula(String)
Aula: au1
-Plazas: 80
-Tipos:
HA FUNCIONADO CORRECTAMENTE



20- eliminarAula(String)
HA FUNCIONADO CORRECTAMENTE



8- getAulas()
{}
HA FUNCIONADO CORRECTAMENTE



21- setRestricciones(ArrayList<Restriccion>)
Se van a introducir las siguientes Restricciones:
[Nivel hora: n1, Franja Trabajo:
-Hora inicio: 08:00
-Hora fin: 20:00]
HA FUNCIONADO CORRECTAMENTE



13- getRestricciones()
[Nivel hora: n1, Franja Trabajo:
-Hora inicio: 08:00
-Hora fin: 20:00]
HA FUNCIONADO CORRECTAMENTE



14- getRestriccion(int)
[Nivel hora: n1, Franja Trabajo:
-Hora inicio: 08:00
-Hora fin: 20:00]
Franja Trabajo:
-Hora inicio: 08:00
-Hora fin: 20:00
HA FUNCIONADO CORRECTAMENTE



14- getRestriccion(int)
[Nivel hora: n1, Franja Trabajo:
-Hora inicio: 08:00
-Hora fin: 20:00]
Nivel hora: n1
HA FUNCIONADO CORRECTAMENTE



23- eliminarRestriccion(Integer)
HA FUNCIONADO CORRECTAMENTE



13- getRestricciones()
[Nivel hora: n1, Franja Trabajo:
-Hora inicio: 08:00
-Hora fin: 20:00]
HA FUNCIONADO CORRECTAMENTE



22- addRestriccion(Restriccion)
HA FUNCIONADO CORRECTAMENTE



13- getRestricciones()
[Nivel hora: n1, Franja Trabajo:
-Hora inicio: 08:00
-Hora fin: 20:00, Franja Trabajo:
-Hora inicio: 08:00
-Hora fin: 20:00]
HA FUNCIONADO CORRECTAMENTE



Saliendo...
