Driver clase Prerequisito

1- Prerrequisito(Asignatura, Asignatura)
HA FUNCIONADO CORRECTAMENTE



2- getAsignatura()
Asignatura: as1
-Nombre: AS1
-Grupos:
-Restricciones:
HA FUNCIONADO CORRECTAMENTE



3- getPrerrequisito()
Asignatura: as2
-Nombre: AS2
-Grupos:
-Restricciones:
HA FUNCIONADO CORRECTAMENTE



4- (Abstracta)getTipoRestriccion()
Prerrequisito
HA FUNCIONADO CORRECTAMENTE



5- (Abstracta)comprobarRestriccion()
HA FUNCIONADO CORRECTAMENTE



6- setAsignatura(Asignatura)
HA FUNCIONADO CORRECTAMENTE



7- setPrerrequisito(Asignatura)
HA FUNCIONADO CORRECTAMENTE



2- getAsignatura()
Asignatura: as3
-Nombre: AS3
-Grupos:
-Restricciones:
HA FUNCIONADO CORRECTAMENTE



3- getPrerrequisito()
Asignatura: as4
-Nombre: AS4
-Grupos:
-Restricciones:
HA FUNCIONADO CORRECTAMENTE



Saliendo...

