Driver clase Asignatura

1- Sesion(Integer, TipoClase, Asignatura)
HA FUNCIONADO CORRECTAMENTE



2- getDuracion()
1
HA FUNCIONADO CORRECTAMENTE



3- getTipo()
Problemas
HA FUNCIONADO CORRECTAMENTE



4- getAsignatura()
Asignatura: as1
-Nombre: AS1
-Grupos:
-Restricciones:
HA FUNCIONADO CORRECTAMENTE



5- setDuracion(Integer)
HA FUNCIONADO CORRECTAMENTE



6- setTipo(TipoClase)
HA FUNCIONADO CORRECTAMENTE



7- setAsignatura(Asignatura)
HA FUNCIONADO CORRECTAMENTE



2- getDuracion()
2
HA FUNCIONADO CORRECTAMENTE



3- getTipo()
Teoria
HA FUNCIONADO CORRECTAMENTE



4- getAsignatura()
Asignatura: as2
-Nombre: AS2
-Grupos:
-Restricciones:
HA FUNCIONADO CORRECTAMENTE



Saliendo...
