Driver clase SubGrupo

1- SubGrupo(String, Integer, TipoClase, Grupo)
HA FUNCIONADO CORRECTAMENTE



2- getId()
445
HA FUNCIONADO CORRECTAMENTE



3- getKey()
445Teoria
HA FUNCIONADO CORRECTAMENTE



4- getIdCompleta()
Grupo1445
HA FUNCIONADO CORRECTAMENTE



5- getPlazas()
100
HA FUNCIONADO CORRECTAMENTE



6- getTipo()
Teoria
HA FUNCIONADO CORRECTAMENTE



7- getGrupo()
Grupo: Grupo1
-Asignatura: as1
-SubGrupos:
HA FUNCIONADO CORRECTAMENTE



8- getAsignatura()
Asignatura: as1
-Nombre: AS1
-Nivel: n1
-Sesiones:
-Grupos:
-Restricciones:
HA FUNCIONADO CORRECTAMENTE



9- tieneNivel()
(La Asignatura as1 tiene un Nivel Asociado, la Asignatura as2 no)
Su Asignatura asociada a su Grupo tiene un Nivel asociado
HA FUNCIONADO CORRECTAMENTE



10- getNivel()
Nivel: n1
-Asignaturas:
-Restricciones:
HA FUNCIONADO CORRECTAMENTE



11- setId(String)
HA FUNCIONADO CORRECTAMENTE



2- getId()
CACA
HA FUNCIONADO CORRECTAMENTE



3- getKey()
CACATeoria
HA FUNCIONADO CORRECTAMENTE



12- setPlazas(Integer)
HA FUNCIONADO CORRECTAMENTE



5- getPlazas()
30
HA FUNCIONADO CORRECTAMENTE



13- setTipo(TipoClase)
HA FUNCIONADO CORRECTAMENTE



6- getTipo()
Problemas
HA FUNCIONADO CORRECTAMENTE



14- setGrupo(Grupo)
HA FUNCIONADO CORRECTAMENTE



7- getGrupo()
Grupo: Grupo2
-Asignatura: as2
-SubGrupos:
HA FUNCIONADO CORRECTAMENTE



Saliendo...
